// Jest Snapshot v1, https://goo.gl/fbAQLP

exports[`AcronymContainer should match snapshot 1`] = `
<section
  className="AcronymContainer"
>
  <AcronymLetter
    findNextWords={[MockFunction]}
    key="1"
    stage={
      Object {
        "description": "Setup the conditions required to execute the action on your Subject Under Test",
        "id": 1,
        "letter": "S",
        "name": "Setup",
        "starterWords": Array [
          "describe",
          "let",
          "beforeEach",
          "it",
          "const",
        ],
      }
    }
  />
  <AcronymLetter
    findNextWords={[MockFunction]}
    key="2"
    stage={
      Object {
        "description": "Execute some action on your Subject Under Test, usually by calling methods",
        "id": 2,
        "letter": "E",
        "name": "Execution",
        "starterWords": Array [
          "wrapper",
        ],
      }
    }
  />
  <AcronymLetter
    findNextWords={[MockFunction]}
    key="3"
    stage={
      Object {
        "description": "Assert that the action you did had the results you expect",
        "id": 3,
        "letter": "A",
        "name": "Assertion",
        "starterWords": Array [
          "expect",
        ],
      }
    }
  />
  <AcronymLetter
    findNextWords={[MockFunction]}
    key="4"
    stage={
      Object {
        "description": "Clean up any resources you used in your test (this usully happens automatically)",
        "id": 4,
        "letter": "T",
        "name": "Tear Down",
      }
    }
  />
</section>
`;
