// Jest Snapshot v1, https://goo.gl/fbAQLP

exports[`KeywordContainer should match snapshot 1`] = `
<section
  className="KeywordContainer"
>
  <Keyword
    chalkboardChecker={[MockFunction]}
    key="100"
    keywordData={
      Object {
        "details": "Declare a variable that cannot be reassigned",
        "id": 100,
        "isEditable": false,
        "nextWords": Array [
          "mockData Name",
          "mockPropFunction",
        ],
        "phase": Array [
          "S",
        ],
        "value": "const ",
        "word": "const",
      }
    }
    updateCurrentWord={[Function]}
  />
</section>
`;
